Hello from Lain std/fs!\n$A